this is just a file 